// Vitest Snapshot v1, https://vitest.dev/guide/snapshot.html

exports[`HelloWorld Snapshots Suite > Render correctly 1`] = `
<body>
  <div>
    <h1>
      Hello World!
    </h1>
  </div>
</body>
`;
